MO findFnum_sub NULL findfnum_sub.v vlg44/find_fnum__sub.bin 1524451416
MO choose_show_sub NULL choose_show_sub.v vlg72/choose__show__sub.bin 1524451416
MO seg7ment_sub NULL seg7ment_sub.v vlg77/seg7ment__sub.bin 1524451416
MO light_sub NULL light_sub.v vlg05/light__sub.bin 1524451416
MO taxi_top NULL taxi_top.v vlg50/taxi__top.bin 1524451416
